// Jest Snapshot v1, https://goo.gl/fbAQLP

exports[`renders correctly 1`] = `
<nav
  className="testClass"
>
  <ul
    className="container"
  >
    <li
      className="item activeSection"
    >
      <div
        aria-expanded={true}
        aria-haspopup="true"
        className="sectionTitle"
        onClick={[Function]}
        role="button"
      >
        Activities
         
        <svg
          aria-hidden="true"
          className="svg-inline--fa fa-angle-up fa-w-10 icon"
          data-icon="angle-up"
          data-prefix="fas"
          focusable="false"
          role="img"
          style={Object {}}
          viewBox="0 0 320 512"
          xmlns="http://www.w3.org/2000/svg"
        >
          <path
            d="M177 159.7l136 136c9.4 9.4 9.4 24.6 0 33.9l-22.6 22.6c-9.4 9.4-24.6 9.4-33.9 0L160 255.9l-96.4 96.4c-9.4 9.4-24.6 9.4-33.9 0L7 329.7c-9.4-9.4-9.4-24.6 0-33.9l136-136c9.4-9.5 24.6-9.5 34-.1z"
            fill="currentColor"
            style={Object {}}
          />
        </svg>
      </div>
      <ul
        aria-hidden={false}
        aria-label="Activities submenu"
        className="subItems"
      >
        <li
          className="item"
        >
          <a
            className="menuLink"
            href="/activities/recreational"
            onClick={[Function]}
          >
            Recreational
          </a>
        </li>
        <li
          className="item"
        >
          <a
            className="menuLink activeLink"
            href="/activities/cooking"
            onClick={[Function]}
          >
            Cooking
          </a>
        </li>
      </ul>
    </li>
    <li
      className="item"
    >
      <div
        aria-expanded={false}
        aria-haspopup="true"
        className="sectionTitle"
        onClick={[Function]}
        role="button"
      >
        Account
         
        <svg
          aria-hidden="true"
          className="svg-inline--fa fa-angle-down fa-w-10 icon"
          data-icon="angle-down"
          data-prefix="fas"
          focusable="false"
          role="img"
          style={Object {}}
          viewBox="0 0 320 512"
          xmlns="http://www.w3.org/2000/svg"
        >
          <path
            d="M143 352.3L7 216.3c-9.4-9.4-9.4-24.6 0-33.9l22.6-22.6c9.4-9.4 24.6-9.4 33.9 0l96.4 96.4 96.4-96.4c9.4-9.4 24.6-9.4 33.9 0l22.6 22.6c9.4 9.4 9.4 24.6 0 33.9l-136 136c-9.2 9.4-24.4 9.4-33.8 0z"
            fill="currentColor"
            style={Object {}}
          />
        </svg>
      </div>
      <ul
        aria-hidden={true}
        aria-label="Account submenu"
        className="subItems"
      >
        <li
          className="item"
        >
          <a
            className="menuLink"
            href="/account/profile"
            onClick={[Function]}
          >
            Profile
          </a>
        </li>
        <li
          className="item"
        >
          <a
            className="menuLink"
            href="/account/settings"
            onClick={[Function]}
          >
            Settings
          </a>
        </li>
      </ul>
    </li>
  </ul>
</nav>
`;
